<?xml version="1.0"?>
<testsuites>
  <testsuite name="Chrome 34.0.1847 (Linux)" package="" timestamp="2014-04-18T03:29:07" id="0" hostname="swdev" tests="2" errors="0" failures="1" time="0.003">
    <properties>
      <property name="browser.fullName" value="Mozilla/5.0 (X11; Linux i686) AppleWebKit/537.36 (KHTML, like Gecko) Chrome/34.0.1847.116 Safari/537.36"/>
    </properties>
    <testcase name="should be 2" time="0.002" classname="Chrome 34.0.1847 (Linux).dummy"/>
    <testcase name="&quot;before all&quot; hook" time="0.001" classname="Chrome 34.0.1847 (Linux).VideoBroadcast">
      <failure type="">ReferenceError: oipfObjectFactory is not defined
    at Context.&lt;anonymous&gt; (/home/sungwoo/projects/ex_karma/test/spec/oipf/videobroadcast.js:10:26)
    at Hook.Runnable.run (/home/sungwoo/projects/ex_karma/node_modules/mocha/mocha.js:4311:15)
    at next (/home/sungwoo/projects/ex_karma/node_modules/mocha/mocha.js:4613:10)
    at /home/sungwoo/projects/ex_karma/node_modules/mocha/mocha.js:4630:5
    at timeslice (/home/sungwoo/projects/ex_karma/node_modules/mocha/mocha.js:5761:27)
</failure>
    </testcase>
    <system-out><![CDATA[
]]></system-out>
    <system-err/>
  </testsuite>
</testsuites>
